// Jest Snapshot v1, https://goo.gl/fbAQLP

exports[`Pruebas en <PrimeraApp /> Debe de mostrar el componente <PrimeraApp /> Correctamente 1`] = `
<Fragment>
  <h1>
     
    Hola ,soy Goku
    !!!
  </h1>
  <p
    id="texto"
  >
    Soy un Subtitulo
  </p>
</Fragment>
`;
